// Jest Snapshot v1, https://goo.gl/fbAQLP

exports[`<AppBar /> should render and match the snapshot 1`] = `
<View
  pointerEvents="box-none"
  style={
    Object {
      "flex": 1,
    }
  }
>
  <View
    collapsable={true}
    pointerEvents="box-none"
    style={
      Object {
        "flex": 1,
      }
    }
  >
    <SafeAreaView
      style={
        Array [
          Object {
            "backgroundColor": "#6200ee",
            "elevation": 4,
            "zIndex": 0,
          },
          Object {
            "shadowColor": "#000000",
            "shadowOffset": Object {
              "height": 3,
              "width": 0,
            },
            "shadowOpacity": 0.24,
            "shadowRadius": 4,
          },
        ]
      }
    >
      <View
        style={
          Object {
            "alignItems": "center",
            "backgroundColor": "#6200ee",
            "display": "flex",
            "elevation": 0,
            "flexDirection": "row",
            "height": 56,
            "marginTop": 0,
            "paddingHorizontal": 4,
          }
        }
        testID="app-bar"
      >
        <View
          style={
            Object {
              "alignItems": "center",
              "display": "flex",
              "flex": 1,
              "flexDirection": "row",
            }
          }
        >
          <TouchableWithoutFeedback>
            <View
              style={
                Array [
                  Object {
                    "flex": 1,
                    "paddingHorizontal": 12,
                  },
                  undefined,
                ]
              }
            >
              <Text
                accessibilityRole="header"
                accessibilityTraits="header"
                numberOfLines={1}
                style={
                  Array [
                    Object {
                      "color": "#000000",
                      "fontFamily": "System",
                      "fontWeight": "400",
                      "textAlign": "left",
                    },
                    Array [
                      Object {
                        "color": "#ffffff",
                        "fontFamily": "System",
                        "fontWeight": "400",
                      },
                      Object {
                        "fontSize": 17,
                      },
                      undefined,
                    ],
                  ]
                }
              />
            </View>
          </TouchableWithoutFeedback>
        </View>
      </View>
    </SafeAreaView>
  </View>
</View>
`;
