// Jest Snapshot v1, https://goo.gl/fbAQLP

exports[`<EmployeeDetails /> should render and match the snapshot 1`] = `
<View
  pointerEvents="box-none"
  style={
    Object {
      "flex": 1,
    }
  }
>
  <View
    collapsable={true}
    pointerEvents="box-none"
    style={
      Object {
        "flex": 1,
      }
    }
  >
    <SafeAreaView
      style={
        Array [
          Object {
            "flexBasis": 0,
            "flexGrow": 1,
            "flexShrink": 1,
          },
        ]
      }
      testID="employee-details"
    >
      <SafeAreaView
        style={
          Array [
            Object {
              "backgroundColor": "#6200ee",
              "elevation": 4,
              "zIndex": 0,
            },
            Object {
              "shadowColor": "#000000",
              "shadowOffset": Object {
                "height": 3,
                "width": 0,
              },
              "shadowOpacity": 0.24,
              "shadowRadius": 4,
            },
          ]
        }
      >
        <View
          style={
            Object {
              "alignItems": "center",
              "backgroundColor": "#6200ee",
              "display": "flex",
              "elevation": 0,
              "flexDirection": "row",
              "height": 56,
              "marginTop": 0,
              "paddingHorizontal": 4,
            }
          }
          testID="app-bar"
        >
          <View
            style={
              Object {
                "alignItems": "center",
                "display": "flex",
                "flex": 1,
                "flexDirection": "row",
              }
            }
          >
            <View
              style={
                Object {
                  "flexDirection": "row",
                  "marginLeft": 0,
                }
              }
              testID="for"
            >
              <TouchableHighlight
                accessibilityComponentType="button"
                accessibilityRole="button"
                accessibilityStates={Array []}
                accessibilityTraits="button"
                activeOpacity={0.85}
                centered={true}
                delayPressOut={100}
                disabled={false}
                hitSlop={
                  Object {
                    "bottom": 6,
                    "left": 6,
                    "right": 6,
                    "top": 6,
                  }
                }
                style={
                  Array [
                    Object {
                      "overflow": "hidden",
                    },
                    Array [
                      Object {
                        "alignItems": "center",
                        "justifyContent": "center",
                        "margin": 6,
                        "overflow": "hidden",
                      },
                      Object {
                        "borderRadius": 18,
                        "height": 36,
                        "width": 36,
                      },
                      undefined,
                      undefined,
                    ],
                  ]
                }
                underlayColor="rgba(255, 255, 255, 0.16)"
              >
                <View>
                  <View
                    style={
                      Array [
                        Object {
                          "alignItems": "center",
                          "justifyContent": "center",
                        },
                        Object {
                          "height": 24,
                          "width": 24,
                        },
                      ]
                    }
                  >
                    <View
                      style={
                        Object {
                          "bottom": 0,
                          "left": 0,
                          "opacity": 1,
                          "position": "absolute",
                          "right": 0,
                          "top": 0,
                          "transform": Array [
                            Object {
                              "rotate": "0deg",
                            },
                          ],
                        }
                      }
                    >
                      <Text
                        accessibilityElementsHidden={true}
                        allowFontScaling={false}
                        importantForAccessibility="no-hide-descendants"
                        pointerEvents="none"
                        style={
                          Array [
                            Object {
                              "color": "white",
                              "fontSize": 24,
                            },
                            Array [
                              Object {
                                "transform": Array [
                                  Object {
                                    "scaleX": 1,
                                  },
                                ],
                              },
                              Object {
                                "backgroundColor": "transparent",
                              },
                            ],
                            Object {
                              "fontFamily": "Material Design Icons",
                              "fontStyle": "normal",
                              "fontWeight": "normal",
                            },
                            Object {},
                          ]
                        }
                      >
                        ÔÅç
                      </Text>
                    </View>
                  </View>
                </View>
              </TouchableHighlight>
            </View>
            <TouchableWithoutFeedback>
              <View
                style={
                  Array [
                    Object {
                      "flex": 1,
                      "paddingHorizontal": 12,
                    },
                    undefined,
                  ]
                }
              >
                <Text
                  accessibilityRole="header"
                  accessibilityTraits="header"
                  numberOfLines={1}
                  style={
                    Array [
                      Object {
                        "color": "#000000",
                        "fontFamily": "System",
                        "fontWeight": "400",
                        "textAlign": "left",
                      },
                      Array [
                        Object {
                          "color": "#ffffff",
                          "fontFamily": "System",
                          "fontWeight": "400",
                        },
                        Object {
                          "fontSize": 17,
                        },
                        undefined,
                      ],
                    ]
                  }
                >
                  Employee Details
                </Text>
              </View>
            </TouchableWithoutFeedback>
          </View>
          <View
            style={
              Object {
                "flexDirection": "row",
                "marginLeft": 0,
              }
            }
            testID="for"
          >
            <TouchableHighlight
              accessibilityComponentType="button"
              accessibilityRole="button"
              accessibilityStates={Array []}
              accessibilityTraits="button"
              activeOpacity={0.85}
              centered={true}
              delayPressOut={100}
              disabled={false}
              hitSlop={
                Object {
                  "bottom": 6,
                  "left": 6,
                  "right": 6,
                  "top": 6,
                }
              }
              style={
                Array [
                  Object {
                    "overflow": "hidden",
                  },
                  Array [
                    Object {
                      "alignItems": "center",
                      "justifyContent": "center",
                      "margin": 6,
                      "overflow": "hidden",
                    },
                    Object {
                      "borderRadius": 18,
                      "height": 36,
                      "width": 36,
                    },
                    undefined,
                    undefined,
                  ],
                ]
              }
              underlayColor="rgba(255, 255, 255, 0.16)"
            >
              <View>
                <View
                  style={
                    Array [
                      Object {
                        "alignItems": "center",
                        "justifyContent": "center",
                      },
                      Object {
                        "height": 24,
                        "width": 24,
                      },
                    ]
                  }
                >
                  <View
                    style={
                      Object {
                        "bottom": 0,
                        "left": 0,
                        "opacity": 1,
                        "position": "absolute",
                        "right": 0,
                        "top": 0,
                        "transform": Array [
                          Object {
                            "rotate": "0deg",
                          },
                        ],
                      }
                    }
                  >
                    <Text
                      accessibilityElementsHidden={true}
                      allowFontScaling={false}
                      importantForAccessibility="no-hide-descendants"
                      pointerEvents="none"
                      style={
                        Array [
                          Object {
                            "color": "white",
                            "fontSize": 24,
                          },
                          Array [
                            Object {
                              "transform": Array [
                                Object {
                                  "scaleX": 1,
                                },
                              ],
                            },
                            Object {
                              "backgroundColor": "transparent",
                            },
                          ],
                          Object {
                            "fontFamily": "Material Design Icons",
                            "fontStyle": "normal",
                            "fontWeight": "normal",
                          },
                          Object {},
                        ]
                      }
                    >
                      Ôè´
                    </Text>
                  </View>
                </View>
              </View>
            </TouchableHighlight>
            <TouchableHighlight
              accessibilityComponentType="button"
              accessibilityRole="button"
              accessibilityStates={Array []}
              accessibilityTraits="button"
              activeOpacity={0.85}
              centered={true}
              delayPressOut={100}
              disabled={false}
              hitSlop={
                Object {
                  "bottom": 6,
                  "left": 6,
                  "right": 6,
                  "top": 6,
                }
              }
              style={
                Array [
                  Object {
                    "overflow": "hidden",
                  },
                  Array [
                    Object {
                      "alignItems": "center",
                      "justifyContent": "center",
                      "margin": 6,
                      "overflow": "hidden",
                    },
                    Object {
                      "borderRadius": 18,
                      "height": 36,
                      "width": 36,
                    },
                    undefined,
                    undefined,
                  ],
                ]
              }
              underlayColor="rgba(255, 255, 255, 0.16)"
            >
              <View>
                <View
                  style={
                    Array [
                      Object {
                        "alignItems": "center",
                        "justifyContent": "center",
                      },
                      Object {
                        "height": 24,
                        "width": 24,
                      },
                    ]
                  }
                >
                  <View
                    style={
                      Object {
                        "bottom": 0,
                        "left": 0,
                        "opacity": 1,
                        "position": "absolute",
                        "right": 0,
                        "top": 0,
                        "transform": Array [
                          Object {
                            "rotate": "0deg",
                          },
                        ],
                      }
                    }
                  >
                    <Text
                      accessibilityElementsHidden={true}
                      allowFontScaling={false}
                      importantForAccessibility="no-hide-descendants"
                      pointerEvents="none"
                      style={
                        Array [
                          Object {
                            "color": "white",
                            "fontSize": 24,
                          },
                          Array [
                            Object {
                              "transform": Array [
                                Object {
                                  "scaleX": 1,
                                },
                              ],
                            },
                            Object {
                              "backgroundColor": "transparent",
                            },
                          ],
                          Object {
                            "fontFamily": "Material Design Icons",
                            "fontStyle": "normal",
                            "fontWeight": "normal",
                          },
                          Object {},
                        ]
                      }
                    >
                      ÔáÄ
                    </Text>
                  </View>
                </View>
              </View>
            </TouchableHighlight>
          </View>
        </View>
      </SafeAreaView>
      <ScrollView
        style={
          Object {
            "margin": 12,
          }
        }
      >
        <View
          style={
            Object {
              "marginHorizontal": 4,
              "marginVertical": 4,
            }
          }
          testID="labelled-text"
        >
          <Text
            style={
              Array [
                Object {
                  "color": "#000000",
                  "fontFamily": "System",
                  "fontWeight": "400",
                  "textAlign": "left",
                },
                Object {
                  "color": undefined,
                  "fontSize": 15,
                  "fontWeight": "normal",
                },
              ]
            }
            testID="t"
          >
            First Name
          </Text>
          <Text
            style={
              Array [
                Object {
                  "color": "#000000",
                  "fontFamily": "System",
                  "fontWeight": "400",
                  "textAlign": "left",
                },
                Object {
                  "color": "#808080",
                  "fontSize": 14,
                  "fontWeight": "normal",
                },
              ]
            }
            testID="t"
          >
            MACTESTER
          </Text>
        </View>
        <View
          style={
            Object {
              "marginHorizontal": 4,
              "marginVertical": 4,
            }
          }
          testID="labelled-text"
        >
          <Text
            style={
              Array [
                Object {
                  "color": "#000000",
                  "fontFamily": "System",
                  "fontWeight": "400",
                  "textAlign": "left",
                },
                Object {
                  "color": undefined,
                  "fontSize": 15,
                  "fontWeight": "normal",
                },
              ]
            }
            testID="t"
          >
            Last Name
          </Text>
          <Text
            style={
              Array [
                Object {
                  "color": "#000000",
                  "fontFamily": "System",
                  "fontWeight": "400",
                  "textAlign": "left",
                },
                Object {
                  "color": "#808080",
                  "fontSize": 14,
                  "fontWeight": "normal",
                },
              ]
            }
            testID="t"
          >
            Doe
          </Text>
        </View>
        <View
          style={
            Array [
              Object {
                "backgroundColor": "rgba(0, 0, 0, 0.12)",
                "height": 0.5,
              },
              undefined,
              Object {
                "marginHorizontal": 0,
                "marginVertical": 10,
              },
            ]
          }
          testID="divider"
        />
        <View>
          <TouchableHighlight
            accessibilityComponentType="button"
            accessibilityRole="button"
            accessibilityTraits="button"
            activeOpacity={0.85}
            delayPressOut={100}
            disabled={false}
            style={
              Array [
                false,
                Array [
                  Object {
                    "padding": 8,
                  },
                  undefined,
                ],
              ]
            }
            underlayColor="rgba(0, 0, 0, 0.1)"
          >
            <View
              pointerEvents="none"
              style={
                Object {
                  "alignItems": "center",
                  "flexDirection": "row",
                }
              }
            >
              <View
                style={
                  Array [
                    Object {
                      "margin": 8,
                    },
                    Object {
                      "flex": 1,
                      "justifyContent": "center",
                    },
                  ]
                }
              >
                <Text
                  numberOfLines={1}
                  style={
                    Array [
                      Object {
                        "color": "#000000",
                        "fontFamily": "System",
                        "fontWeight": "400",
                        "textAlign": "left",
                      },
                      Array [
                        Object {
                          "fontSize": 16,
                        },
                        Object {
                          "color": "rgba(0, 0, 0, 0.87)",
                        },
                        undefined,
                      ],
                    ]
                  }
                >
                  Addresses (0)
                </Text>
              </View>
              <View
                style={
                  Array [
                    Object {
                      "margin": 8,
                    },
                    undefined,
                  ]
                }
              >
                <Text
                  accessibilityElementsHidden={true}
                  allowFontScaling={false}
                  importantForAccessibility="no-hide-descendants"
                  pointerEvents="none"
                  style={
                    Array [
                      Object {
                        "color": "rgba(0, 0, 0, 0.87)",
                        "fontSize": 24,
                      },
                      Array [
                        Object {
                          "transform": Array [
                            Object {
                              "scaleX": 1,
                            },
                          ],
                        },
                        Object {
                          "backgroundColor": "transparent",
                        },
                      ],
                      Object {
                        "fontFamily": "Material Design Icons",
                        "fontStyle": "normal",
                        "fontWeight": "normal",
                      },
                      Object {},
                    ]
                  }
                >
                  ÔÖÄ
                </Text>
              </View>
            </View>
          </TouchableHighlight>
        </View>
        <View
          style={
            Array [
              Object {
                "backgroundColor": "rgba(0, 0, 0, 0.12)",
                "height": 0.5,
              },
              undefined,
              Object {
                "marginHorizontal": 0,
                "marginVertical": 10,
              },
            ]
          }
          testID="divider"
        />
        <View>
          <TouchableHighlight
            accessibilityComponentType="button"
            accessibilityRole="button"
            accessibilityTraits="button"
            activeOpacity={0.85}
            delayPressOut={100}
            disabled={false}
            style={
              Array [
                false,
                Array [
                  Object {
                    "padding": 8,
                  },
                  undefined,
                ],
              ]
            }
            underlayColor="rgba(0, 0, 0, 0.1)"
          >
            <View
              pointerEvents="none"
              style={
                Object {
                  "alignItems": "center",
                  "flexDirection": "row",
                }
              }
            >
              <View
                style={
                  Array [
                    Object {
                      "margin": 8,
                    },
                    Object {
                      "flex": 1,
                      "justifyContent": "center",
                    },
                  ]
                }
              >
                <Text
                  numberOfLines={1}
                  style={
                    Array [
                      Object {
                        "color": "#000000",
                        "fontFamily": "System",
                        "fontWeight": "400",
                        "textAlign": "left",
                      },
                      Array [
                        Object {
                          "fontSize": 16,
                        },
                        Object {
                          "color": "rgba(0, 0, 0, 0.87)",
                        },
                        undefined,
                      ],
                    ]
                  }
                >
                  Skills (0)
                </Text>
              </View>
              <View
                style={
                  Array [
                    Object {
                      "margin": 8,
                    },
                    undefined,
                  ]
                }
              >
                <Text
                  accessibilityElementsHidden={true}
                  allowFontScaling={false}
                  importantForAccessibility="no-hide-descendants"
                  pointerEvents="none"
                  style={
                    Array [
                      Object {
                        "color": "rgba(0, 0, 0, 0.87)",
                        "fontSize": 24,
                      },
                      Array [
                        Object {
                          "transform": Array [
                            Object {
                              "scaleX": 1,
                            },
                          ],
                        },
                        Object {
                          "backgroundColor": "transparent",
                        },
                      ],
                      Object {
                        "fontFamily": "Material Design Icons",
                        "fontStyle": "normal",
                        "fontWeight": "normal",
                      },
                      Object {},
                    ]
                  }
                >
                  ÔÖÄ
                </Text>
              </View>
            </View>
          </TouchableHighlight>
        </View>
      </ScrollView>
    </SafeAreaView>
  </View>
</View>
`;
