// Jest Snapshot v1, https://goo.gl/fbAQLP

exports[`<HomeScreen /> Should render and match the snapshot 1`] = `
<SafeAreaView
  style={
    Array [
      Object {
        "backgroundColor": "#6200ee",
        "elevation": 4,
        "zIndex": 0,
      },
      Object {
        "shadowColor": "#000000",
        "shadowOffset": Object {
          "height": 3,
          "width": 0,
        },
        "shadowOpacity": 0.24,
        "shadowRadius": 4,
      },
    ]
  }
>
  <View
    style={
      Object {
        "alignItems": "center",
        "backgroundColor": "#6200ee",
        "display": "flex",
        "elevation": 0,
        "flexDirection": "row",
        "height": 56,
        "justifyContent": "space-between",
        "marginTop": 0,
        "paddingHorizontal": 4,
      }
    }
    testID="app-bar"
  >
    <View
      style={
        Object {
          "flexDirection": "row",
          "marginLeft": 0,
        }
      }
      testID="for"
    >
      <TouchableHighlight
        accessibilityComponentType="button"
        accessibilityRole="button"
        accessibilityStates={Array []}
        accessibilityTraits="button"
        activeOpacity={0.85}
        centered={true}
        delayPressOut={100}
        disabled={false}
        hitSlop={
          Object {
            "bottom": 6,
            "left": 6,
            "right": 6,
            "top": 6,
          }
        }
        style={
          Array [
            Object {
              "overflow": "hidden",
            },
            Array [
              Object {
                "alignItems": "center",
                "justifyContent": "center",
                "margin": 6,
                "overflow": "hidden",
              },
              Object {
                "borderRadius": 18,
                "height": 36,
                "width": 36,
              },
              undefined,
              undefined,
            ],
          ]
        }
        underlayColor="rgba(255, 255, 255, 0.16)"
      >
        <View>
          <View
            style={
              Array [
                Object {
                  "alignItems": "center",
                  "justifyContent": "center",
                },
                Object {
                  "height": 24,
                  "width": 24,
                },
              ]
            }
          >
            <View
              style={
                Object {
                  "bottom": 0,
                  "left": 0,
                  "opacity": 1,
                  "position": "absolute",
                  "right": 0,
                  "top": 0,
                  "transform": Array [
                    Object {
                      "rotate": "0deg",
                    },
                  ],
                }
              }
            >
              <Text
                accessibilityElementsHidden={true}
                allowFontScaling={false}
                importantForAccessibility="no-hide-descendants"
                pointerEvents="none"
                style={
                  Array [
                    Object {
                      "color": "white",
                      "fontSize": 24,
                    },
                    Array [
                      Object {
                        "transform": Array [
                          Object {
                            "scaleX": 1,
                          },
                        ],
                      },
                      Object {
                        "backgroundColor": "transparent",
                      },
                    ],
                    Object {
                      "fontFamily": "Material Design Icons",
                      "fontStyle": "normal",
                      "fontWeight": "normal",
                    },
                    Object {},
                  ]
                }
              >
                Ôçú
              </Text>
            </View>
          </View>
        </View>
      </TouchableHighlight>
    </View>
    <TouchableWithoutFeedback>
      <View
        style={
          Array [
            Object {
              "flex": 1,
              "paddingHorizontal": 12,
            },
            Array [
              Object {
                "marginLeft": 8,
              },
              Object {
                "alignItems": "center",
              },
              undefined,
            ],
          ]
        }
      >
        <Text
          accessibilityRole="header"
          accessibilityTraits="header"
          numberOfLines={1}
          style={
            Array [
              Object {
                "color": "#000000",
                "fontFamily": "System",
                "fontWeight": "400",
                "textAlign": "left",
              },
              Array [
                Object {
                  "color": "#ffffff",
                  "fontFamily": "System",
                  "fontWeight": "400",
                },
                Object {
                  "fontSize": 17,
                },
                undefined,
              ],
            ]
          }
        >
          Employee List
        </Text>
      </View>
    </TouchableWithoutFeedback>
  </View>
</SafeAreaView>
`;
