// Jest Snapshot v1, https://goo.gl/fbAQLP

exports[`<TextInput /> should render and match the snapshot 1`] = `
<View
  pointerEvents="box-none"
  style={
    Object {
      "flex": 1,
    }
  }
>
  <View
    collapsable={true}
    pointerEvents="box-none"
    style={
      Object {
        "flex": 1,
      }
    }
  >
    <View
      style={
        Array [
          undefined,
          Object {
            "marginHorizontal": 0,
            "marginVertical": 4,
          },
        ]
      }
    >
      <View>
        <View
          pointerEvents="none"
          style={
            Array [
              Object {
                "bottom": 0,
                "left": 0,
                "position": "absolute",
                "right": 0,
                "top": 6,
              },
              Object {
                "backgroundColor": "#f6f6f6",
                "borderColor": "rgba(0, 0, 0, 0.54)",
                "borderRadius": 4,
                "borderWidth": 1,
              },
            ]
          }
        />
        <View
          style={
            Object {
              "minHeight": 64,
              "paddingBottom": 0,
              "paddingTop": 8,
            }
          }
        >
          <TextInput
            allowFontScaling={true}
            editable={true}
            multiline={false}
            placeholderTextColor="rgba(0, 0, 0, 0.54)"
            rejectResponderTermination={true}
            selectionColor="#6200ee"
            style={
              Array [
                Object {
                  "flexGrow": 1,
                  "margin": 0,
                  "paddingHorizontal": 14,
                  "textAlign": "left",
                  "zIndex": 1,
                },
                Object {
                  "height": 56,
                },
                Object {
                  "paddingBottom": 0,
                  "paddingTop": 0,
                },
                Object {
                  "color": "#000000",
                  "fontFamily": "System",
                  "fontSize": 16,
                  "fontWeight": undefined,
                  "textAlignVertical": "center",
                },
              ]
            }
            testID="text-input"
            underlineColorAndroid="transparent"
          />
        </View>
      </View>
    </View>
  </View>
</View>
`;
